[PianoMjEnv] hand-side guardrail: low-pitch keys mean worldY=-0.30, left_robot Y=-0.30, right_robot Y=+0.30 -> swap_hands=False
[PianoMjEnv] key weights (adaptive) 'nettspend - we not like you (1)': 13:0.56, 25:8.69, 26:1.37, 28:0.36, 30:1.73, 32:3.00, 33:0.79, 35:0.53, 37:1.54, 40:1.26, 44:0.47, 45:1.95, 47:3.18, 49:1.54, 54:0.61, 56:0.46, 72:8.69
[PianoMjEnv] 1 song(s) [nettspend - we not like you (1)]: longest 1281 steps @ 20Hz
--------------------------------------------------------------------------------
Resolved observation sets: 
	 actor :  ['policy']
	 critic :  ['policy', 'critic_priv']
--------------------------------------------------------------------------------
Actor Model: MLPModel(
  (obs_normalizer): EmpiricalNormalization()
  (distribution): GaussianDistribution()
  (mlp): MLP(
    (0): Linear(in_features=1235, out_features=512, bias=True)
    (1): ELU(alpha=1.0)
    (2): Linear(in_features=512, out_features=256, bias=True)
    (3): ELU(alpha=1.0)
    (4): Linear(in_features=256, out_features=128, bias=True)
    (5): ELU(alpha=1.0)
    (6): Linear(in_features=128, out_features=43, bias=True)
  )
)
Critic Model: MLPModel(
  (obs_normalizer): EmpiricalNormalization()
  (mlp): MLP(
    (0): Linear(in_features=1246, out_features=512, bias=True)
    (1): ELU(alpha=1.0)
    (2): Linear(in_features=512, out_features=256, bias=True)
    (3): ELU(alpha=1.0)
    (4): Linear(in_features=256, out_features=128, bias=True)
    (5): ELU(alpha=1.0)
    (6): Linear(in_features=128, out_features=1, bias=True)
  )
)
[play] 1281 steps | F1 0.140  recall 0.136  precision 0.145  (goal steps: 1260)
[play] mean step logs: reward/total 0.710  play/F1 0.135  keys_sounding 2.81
[play] video -> results/v5_iter1400.mp4 (1281 frames @ 20fps)
[play] sounded-notes MIDI -> results/v5_iter1400_played.mid (366 notes)
